// Jest Snapshot v1, https://goo.gl/fbAQLP

exports[`BusinessLogic Success: Should be able to send submit correctly 1`] = `
Object {
  "candidate": "Alexander Kevin R. Amante",
  "results": Array [
    Object {
      "result": "1, 43, 98",
      "subtext": "Peter",
    },
    Object {
      "result": "1, 43, 98",
      "subtext": "peter",
    },
    Object {
      "result": "53, 81",
      "subtext": "Pick",
    },
    Object {
      "result": "53, 60, 66, 74, 81",
      "subtext": "Pi",
    },
    Object {
      "result": "<No Output>",
      "subtext": "Z",
    },
  ],
  "text": "Peter told me (actually he slurrred) that peter the pickle piper piped a pitted pickle before he petered out. Phew!",
}
`;
